// Vitest Snapshot v1, https://vitest.dev/guide/snapshot.html

exports[`matches snapshot 1`] = `
<DocumentFragment>
  <div
    class="loading-container"
    role="status"
  >
    <i
      class="fas fa-spinner fa-spin fa-3x"
    />
  </div>
</DocumentFragment>
`;
